#-----------------------------------------------------------
# Vivado v2023.2.2 (64-bit)
# SW Build 4126759 on Thu Feb  8 23:53:51 MST 2024
# IP Build 4126054 on Fri Feb  9 11:39:09 MST 2024
# SharedData Build 4115275 on Tue Jan 30 00:40:57 MST 2024
# Start of session at: Mon Oct  6 09:32:26 2025
# Process ID: 14588
# Current directory: C:/Vivado_Projects/DAC_par
# Command line: vivado.exe -gui_launcher_event rodinguilauncherevent11608 C:\Vivado_Projects\DAC_par\DAC_par.xpr
# Log file: C:/Vivado_Projects/DAC_par/vivado.log
# Journal file: C:/Vivado_Projects/DAC_par\vivado.jou
# Running On: DESKTOP-JUTT43E, OS: Windows, CPU Frequency: 3000 MHz, CPU Physical cores: 4, Host memory: 8392 MB
#-----------------------------------------------------------
start_gui
open_project C:/Vivado_Projects/DAC_par/DAC_par.xpr
update_compile_order -fileset sources_1
launch_simulation
open_wave_config C:/Vivado_Projects/DAC_par/parallel_DAC_tb_behav.wcfg
source parallel_DAC_tb.tcl
relaunch_sim
relaunch_sim
